// Jest Snapshot v1, https://goo.gl/fbAQLP

exports[`App basic creation 1`] = `null`;
